[www.gob.pe/coronavirus.html]
[www.google-analytics.com/analytics.js]
[backblue.gif]
[fade.gif]
[index.html]
[www.gob.pe/packs/css/application_base-326fed75.css]
[www.gob.pe/packs/css/application_print-95a2be2e.css]
[www.gob.pe/assets/application-015b5b6ed878edd595c825d5c44687be85b80df9c0513b03578ff806326019d2.css]
[www.gob.pe/assets/application-8e3ed23ea0d0cef880d1db7a87ea0324ffc7e96529f24a7a3df338fa0193b999.js]
[www.gob.pe/packs/js/application_base-7b945721013808973991.js]
[www.gob.pe/packs/css/application_coronavirus-c5ab0f05.css]
[www.gob.pe/packs/js/application_coronavirus-c0d0d9135f067e487689.js]
[www.gob.pe/assets/favicons/apple-icon-57x57-8580b1c0b58377af92ccda2506f90c8f8a11ea3cc87c0e788032ec856b5a4e0f.png]
[www.gob.pe/assets/favicons/apple-icon-60x60-61eee7442ffe06019724355f923e4fde5dc285f2f259976028b126696ab89e85.png]
[www.gob.pe/assets/favicons/apple-icon-72x72-47c8ab534f466f304d60ac55a62c9eea13e522f108f3bf87508680d34cb3478f.png]
[www.gob.pe/assets/favicons/apple-icon-76x76-c576824f822cbf3db7e825fad4aad2e9d7df67528bfb5b739c867111e4ccf1c3.png]
[www.gob.pe/assets/favicons/apple-icon-114x114-a5faa45cba3b1bad7cf13c50f6b594612dfb1df7614e2730f091474f8029fefa.png]
[www.gob.pe/assets/favicons/apple-icon-120x120-3586ba0b239f8b8eb12b3cd607d47cff64e1b621c19cf2ded1c8d0a0d73ef6b2.png]
[www.gob.pe/assets/favicons/apple-icon-144x144-b549ad126518a15cb6392af045464b3bebfedad0d646a227add2f17dd9659a62.png]
[www.gob.pe/assets/favicons/apple-icon-152x152-40aa09e34612202fdfdb351644c342db21244591929c8baa794eb775e7eacd6e.png]
[www.gob.pe/assets/favicons/apple-icon-180x180-55bc650e5a1780ec2c982f237821f7ab18cd0491c07c9cc972ca51fdd6310f47.png]
[www.gob.pe/assets/favicons/android-icon-192x192-75626aba0d0a3865276a1848bd01f3af892dbeccf417aa1c078754d3584d8764.png]
[www.gob.pe/assets/favicons/favicon-ea9af20bd4a54d1aa86ee43cdb86e8acb45f9ed5f707d1bd0b60db870504489d.ico]
[www.gob.pe/assets/escudo_20180920_blanco-cc85efcecad1094918c6c0c2df9f1b114e04155eb46e811c466f0694817fd11f.svg]
[www.gob.pe/index.html]
[www.gob.pe/assets/logo_gobpe-a73393d10a652a60fc6262951f0d8332f33a29a576d86ff4baa3cc9cb5c248ff.svg]
[www.gob.pe/estado.html]
[www.gob.pe/8784.html]
[www.gob.pe/assets/coronavirus/coronavirus2-b47d3524395c772b64b9b08061aa308c24c08c6ad392a0e455a7cbb800983165.png]
[www.gob.pe/triaje.html]
[www.gob.pe/assets/coronavirus/peruentusmanos-d915d061a60e7b5f5c25dc215a26519aa1ceee9b1911307b10afb76803eb3e57.svg]
[www.gob.pe/assets/coronavirus/peruentusmanos_texto-a71d441a935145469e2a8dc9013a68ed25a63a1790bfcb915480e3853bf53433.svg]
[www.gob.pe/8852-presidencia-del-consejo-de-ministros-conocer-las-zonas-de-mayor-riesgo-recibir-alertas-sobre-contactos-de-riesgo-y-mantenerse-informado-sobre-el-covid-19.html]
[www.gob.pe/institucion/pcm/colecciones/793-anuncios-diarios-del-gobierno-sobre-el-covid-19.html]
[www.gob.pe/8991.html]
[www.gob.pe/8901.html]
[www.gob.pe/8783-solicitar-pase-especial-laboral.html]
[www.gob.pe/8858-acceder-a-educacion-a-distancia-aprendo-en-casa.html]
[www.gob.pe/8861-solicitar-retiro-extraordinario-de-fondos-de-afp-por-el-estado-de-emergencia.html]
[www.gob.pe/8895-coronavirus-apoyos-economicos-del-estado-por-el-aislamiento-social-obligatorio.html]
[www.gob.pe/8933-acceder-a-la-suspension-perfecta-de-labores.html]
[www.gob.pe/8949-verificar-si-puedo-acceder-a-reactiva-peru.html]
[www.gob.pe/8992.html]
[www.gob.pe/institucion/minsa/informes-publicaciones/473587-prevencion-diagnostico-y-tratamiento-de-personas-afectadas-por-covid-19-en-el-peru.html]
[www.gob.pe/8998338a.html]
[www.gob.pe/institucion/minsa/informes-publicaciones/579424-alerta-epidemiologica-ante-el-desplazamiento-de-ninos-ninas-y-adolescentes-menores-de-14-anos-y-transmision-de-covid-19-en-el-peru.29]
[www.gob.pe/institucion/mtpe/informes-publicaciones/541100-guia-para-la-aplicacion-del-trabajo-remoto.html]
[www.gob.pe/institucion/mtpe/normas-legales/483080-011-2020-tr.html]
[www.gob.pe/8998d1ea.html]
[www.gob.pe/institucion/minagri/informes-publicaciones/570059-protocolo-para-la-actividad-agricola-frente-al-covid-19.html]
[www.gob.pe/institucion/minagri/informes-publicaciones/570057-protocolo-para-la-actividad-ganadera-frente-al-covid-19.html]
[www.gob.pe/8998a5c5.html]
[www.gob.pe/institucion/minsa/informes-publicaciones/544221-guia-para-restaurantes-y-afines-con-modalidad-de-servicio-a-domicilio.html]
[www.gob.pe/institucion/produce/informes-publicaciones/563534-protocolo-de-restaurantes-y-afines-autorizados-para-entrega-a-domicilio-produce.html]
[www.gob.pe/89984612.html]
[www.gob.pe/institucion/minem/informes-publicaciones/541104-protocolo-para-el-traslado-de-personal-de-las-unidades-mineras-y-unidades-de-produccion-durante-la-epidemia-de-covid-19.html]
[www.gob.pe/institucion/osinergmin/informes-publicaciones/541164-protocolo-de-supervision-de-osinergmin-durante-el-estado-de-emergencia-nacional-por-covid-19.html]
[www.gob.pe/8998ece5.html]
[www.gob.pe/institucion/midis/normas-legales/473219-066-2020-midis.html]
[www.gob.pe/institucion/midis/normas-legales/466415-050-2020-midis-p65-de.html]
[www.gob.pe/899817bb.html]
[www.gob.pe/8998.html]
[www.gob.pe/busquedas58c9.html]
[www.gob.pe/institucion/minsa/colecciones/706-documentos-mensajes-y-consejos-frente-al-coronavirus-covid-19.html]
[www.gob.pe/institucion/pcm/colecciones/787-normativa-sobre-estado-de-emergencia-por-coronavirus.html]
[www.gob.pe/institucion/cultura/campañas/872-acciones-contra-el-coronavirus-lenguas-originarias.html]
[www.gob.pe/8829.html]
[platform.twitter.com/widgets.js]
[www.gob.pe/temas-nacionales/1-coronavirus-covid-19-en-el-peru/topic_feedbacks/new.html]
[www.gob.pe/busquedas9fcb.html]
[www.gob.pe/busquedas0f56.html]
[www.gob.pe/busquedas50c9.html]
[www.gob.pe/busquedas2aac.html]
[www.gob.pe/busquedasc024.html]
[www.gob.pe/busquedasbfbb.html]
[www.gob.pe/busquedas726a.html]
[www.gob.pe/busquedas10ec.html]
[www.gob.pe/busquedasacbb.html]
[www.gob.pe/busquedasc92c.html]
[www.gob.pe/busquedasc456.html]
[www.gob.pe/busquedas667d.html]
[www.gob.pe/busquedas3c36.html]
[www.gob.pe/busquedas1892.html]
[www.gob.pe/busquedasf860.html]
[www.gob.pe/busquedas2b83.html]
[www.gob.pe/busquedas4453.html]
[www.gob.pe/busquedas87a1.html]
[www.gob.pe/busquedas6f98.html]
[www.gob.pe/busquedas251d.html]
[www.gob.pe/busquedas25e3.html]
[www.gob.pe/busquedas60a2.html]
[www.gob.pe/busquedasb75b.html]
[www.gob.pe/coronavirus.html]
[www.gob.pe/packs/css/application_base-326fed75.css]
[www.gob.pe/packs/css/application_print-95a2be2e.css]
[www.gob.pe/assets/application-015b5b6ed878edd595c825d5c44687be85b80df9c0513b03578ff806326019d2.css]
[www.gob.pe/packs/css/application_coronavirus-c5ab0f05.css]
[www.gob.pe/index.html]
[www.gob.pe/assets/escudo_20180920_blanco-cc85efcecad1094918c6c0c2df9f1b114e04155eb46e811c466f0694817fd11f.svg]
[www.gob.pe/assets/logo_gobpe-a73393d10a652a60fc6262951f0d8332f33a29a576d86ff4baa3cc9cb5c248ff.svg]
[www.gob.pe/estado.html]
[www.gob.pe/8784.html]
[www.gob.pe/triaje.html]
[www.gob.pe/assets/coronavirus/peruentusmanos-d915d061a60e7b5f5c25dc215a26519aa1ceee9b1911307b10afb76803eb3e57.svg]
[www.gob.pe/assets/coronavirus/peruentusmanos_texto-a71d441a935145469e2a8dc9013a68ed25a63a1790bfcb915480e3853bf53433.svg]
[www.gob.pe/8852-presidencia-del-consejo-de-ministros-conocer-las-zonas-de-mayor-riesgo-recibir-alertas-sobre-contactos-de-riesgo-y-mantenerse-informado-sobre-el-covid-19.html]
[www.gob.pe/institucion/pcm/colecciones/793-anuncios-diarios-del-gobierno-sobre-el-covid-19.html]
[www.gob.pe/8991.html]
[www.gob.pe/8901.html]
[www.gob.pe/8783-solicitar-pase-especial-laboral.html]
[www.gob.pe/8858-acceder-a-educacion-a-distancia-aprendo-en-casa.html]
[www.gob.pe/8861-solicitar-retiro-extraordinario-de-fondos-de-afp-por-el-estado-de-emergencia.html]
[www.gob.pe/8895-coronavirus-apoyos-economicos-del-estado-por-el-aislamiento-social-obligatorio.html]
[www.gob.pe/8933-acceder-a-la-suspension-perfecta-de-labores.html]
[www.gob.pe/8949-verificar-si-puedo-acceder-a-reactiva-peru.html]
[www.gob.pe/8992.html]
[www.gob.pe/institucion/minsa/informes-publicaciones/473587-prevencion-diagnostico-y-tratamiento-de-personas-afectadas-por-covid-19-en-el-peru.html]
[www.gob.pe/institucion/minsa/informes-publicaciones/579424-alerta-epidemiologica-ante-el-desplazamiento-de-ninos-ninas-y-adolescentes-menores-de-14-anos-y-transmision-de-covid-19-en-el-peru.29]
[www.gob.pe/8998338a.html]
[www.gob.pe/institucion/mtpe/informes-publicaciones/541100-guia-para-la-aplicacion-del-trabajo-remoto.html]
[www.gob.pe/institucion/mtpe/normas-legales/483080-011-2020-tr.html]
[www.gob.pe/8998d1ea.html]
[www.gob.pe/institucion/minagri/informes-publicaciones/570059-protocolo-para-la-actividad-agricola-frente-al-covid-19.html]
[www.gob.pe/institucion/minagri/informes-publicaciones/570057-protocolo-para-la-actividad-ganadera-frente-al-covid-19.html]
[www.gob.pe/8998a5c5.html]
[www.gob.pe/institucion/minsa/informes-publicaciones/544221-guia-para-restaurantes-y-afines-con-modalidad-de-servicio-a-domicilio.html]
[www.gob.pe/institucion/produce/informes-publicaciones/563534-protocolo-de-restaurantes-y-afines-autorizados-para-entrega-a-domicilio-produce.html]
[www.gob.pe/89984612.html]
[www.gob.pe/institucion/minem/informes-publicaciones/541104-protocolo-para-el-traslado-de-personal-de-las-unidades-mineras-y-unidades-de-produccion-durante-la-epidemia-de-covid-19.html]
[www.gob.pe/institucion/osinergmin/informes-publicaciones/541164-protocolo-de-supervision-de-osinergmin-durante-el-estado-de-emergencia-nacional-por-covid-19.html]
[www.gob.pe/8998ece5.html]
[www.gob.pe/institucion/midis/normas-legales/473219-066-2020-midis.html]
[www.gob.pe/institucion/midis/normas-legales/466415-050-2020-midis-p65-de.html]
[www.gob.pe/899817bb.html]
[www.gob.pe/8998.html]
[www.gob.pe/busquedas58c9.html]
[www.gob.pe/institucion/minsa/colecciones/706-documentos-mensajes-y-consejos-frente-al-coronavirus-covid-19.html]
[www.gob.pe/institucion/pcm/colecciones/787-normativa-sobre-estado-de-emergencia-por-coronavirus.html]
[www.gob.pe/institucion/cultura/campañas/872-acciones-contra-el-coronavirus-lenguas-originarias.html]
[www.gob.pe/8829.html]
[www.gob.pe/temas-nacionales/1-coronavirus-covid-19-en-el-peru/topic_feedbacks/new.html]
[www.gob.pe/busquedas9fcb.html]
[www.gob.pe/busquedas0f56.html]
[www.gob.pe/busquedas50c9.html]
[www.gob.pe/institucion/pcm/informes-publicaciones/698037-politica-de-privacidad-de-gob-pe.html]
[www.gob.pe/busquedas2aac.html]
[www.gob.pe/busquedasc024.html]
[www.gob.pe/busquedasbfbb.html]
[www.gob.pe/busquedas726a.html]
[www.gob.pe/busquedas10ec.html]
[www.gob.pe/busquedasacbb.html]
[www.gob.pe/busquedasc92c.html]
[www.gob.pe/busquedasc456.html]
[www.gob.pe/busquedas667d.html]
[www.gob.pe/busquedas3c36.html]
[www.gob.pe/busquedas1892.html]
[www.gob.pe/busquedasf860.html]
[www.gob.pe/busquedas2b83.html]
[www.gob.pe/busquedas4453.html]
[www.gob.pe/busquedas87a1.html]
[www.gob.pe/busquedas6f98.html]
[www.gob.pe/busquedas251d.html]
[www.gob.pe/busquedas25e3.html]
[www.gob.pe/busquedas60a2.html]
[www.gob.pe/busquedasb75b.html]
[www.gob.pe/institucion/pcm/informes-publicaciones/698037-politica-de-privacidad-de-gob-pe.html]
[www.gob.pe/busquedasd308]
[www.gob.pe/busquedasd308]
